###############################################################################
#
# IAR ELF Linker V7.80.2.11947/W32 for ARM                14/Apr/2017  10:59:35
# Copyright 2007-2016 IAR Systems AB.
#
#    Output file  =  
#        C:\Users\T460P\Desktop\botton\pid_test\EWARM\Debug\Exe\TEMPLATE.out
#    Map file     =  
#        C:\Users\T460P\Desktop\botton\pid_test\EWARM\Debug\List\TEMPLATE.map
#    Command line =  
#        C:\Users\T460P\Desktop\botton\pid_test\EWARM\Debug\Obj\adc.o
#        C:\Users\T460P\Desktop\botton\pid_test\EWARM\Debug\Obj\bsp_adc.o
#        C:\Users\T460P\Desktop\botton\pid_test\EWARM\Debug\Obj\bsp_SysTick.o
#        C:\Users\T460P\Desktop\botton\pid_test\EWARM\Debug\Obj\bsp_TiMbase.o
#        C:\Users\T460P\Desktop\botton\pid_test\EWARM\Debug\Obj\bsp_usart1.o
#        C:\Users\T460P\Desktop\botton\pid_test\EWARM\Debug\Obj\global.o
#        C:\Users\T460P\Desktop\botton\pid_test\EWARM\Debug\Obj\LED.o
#        C:\Users\T460P\Desktop\botton\pid_test\EWARM\Debug\Obj\main.o
#        C:\Users\T460P\Desktop\botton\pid_test\EWARM\Debug\Obj\max6675.o
#        C:\Users\T460P\Desktop\botton\pid_test\EWARM\Debug\Obj\misc.o
#        C:\Users\T460P\Desktop\botton\pid_test\EWARM\Debug\Obj\pid.o
#        C:\Users\T460P\Desktop\botton\pid_test\EWARM\Debug\Obj\port.o
#        C:\Users\T460P\Desktop\botton\pid_test\EWARM\Debug\Obj\pwm.o
#        C:\Users\T460P\Desktop\botton\pid_test\EWARM\Debug\Obj\startup_stm32f10x_hd.o
#        C:\Users\T460P\Desktop\botton\pid_test\EWARM\Debug\Obj\stm32f10x_adc.o
#        C:\Users\T460P\Desktop\botton\pid_test\EWARM\Debug\Obj\stm32f10x_bkp.o
#        C:\Users\T460P\Desktop\botton\pid_test\EWARM\Debug\Obj\stm32f10x_can.o
#        C:\Users\T460P\Desktop\botton\pid_test\EWARM\Debug\Obj\stm32f10x_cec.o
#        C:\Users\T460P\Desktop\botton\pid_test\EWARM\Debug\Obj\stm32f10x_crc.o
#        C:\Users\T460P\Desktop\botton\pid_test\EWARM\Debug\Obj\stm32f10x_dac.o
#        C:\Users\T460P\Desktop\botton\pid_test\EWARM\Debug\Obj\stm32f10x_dbgmcu.o
#        C:\Users\T460P\Desktop\botton\pid_test\EWARM\Debug\Obj\stm32f10x_dma.o
#        C:\Users\T460P\Desktop\botton\pid_test\EWARM\Debug\Obj\stm32f10x_exti.o
#        C:\Users\T460P\Desktop\botton\pid_test\EWARM\Debug\Obj\stm32f10x_flash.o
#        C:\Users\T460P\Desktop\botton\pid_test\EWARM\Debug\Obj\stm32f10x_fsmc.o
#        C:\Users\T460P\Desktop\botton\pid_test\EWARM\Debug\Obj\stm32f10x_gpio.o
#        C:\Users\T460P\Desktop\botton\pid_test\EWARM\Debug\Obj\stm32f10x_i2c.o
#        C:\Users\T460P\Desktop\botton\pid_test\EWARM\Debug\Obj\stm32f10x_it.o
#        C:\Users\T460P\Desktop\botton\pid_test\EWARM\Debug\Obj\stm32f10x_iwdg.o
#        C:\Users\T460P\Desktop\botton\pid_test\EWARM\Debug\Obj\stm32f10x_pwr.o
#        C:\Users\T460P\Desktop\botton\pid_test\EWARM\Debug\Obj\stm32f10x_rcc.o
#        C:\Users\T460P\Desktop\botton\pid_test\EWARM\Debug\Obj\stm32f10x_rtc.o
#        C:\Users\T460P\Desktop\botton\pid_test\EWARM\Debug\Obj\stm32f10x_sdio.o
#        C:\Users\T460P\Desktop\botton\pid_test\EWARM\Debug\Obj\stm32f10x_spi.o
#        C:\Users\T460P\Desktop\botton\pid_test\EWARM\Debug\Obj\stm32f10x_tim.o
#        C:\Users\T460P\Desktop\botton\pid_test\EWARM\Debug\Obj\stm32f10x_usart.o
#        C:\Users\T460P\Desktop\botton\pid_test\EWARM\Debug\Obj\stm32f10x_wwdg.o
#        C:\Users\T460P\Desktop\botton\pid_test\EWARM\Debug\Obj\system_stm32f10x.o
#        -o C:\Users\T460P\Desktop\botton\pid_test\EWARM\Debug\Exe\TEMPLATE.out
#        --map
#        C:\Users\T460P\Desktop\botton\pid_test\EWARM\Debug\List\TEMPLATE.map
#        --config
#        C:\Users\T460P\Desktop\botton\pid_test\EWARM\stm32f10x_flash.icf
#        --semihosting --entry __iar_program_start --vfe
#
###############################################################################

*******************************************************************************
*** RUNTIME MODEL ATTRIBUTES
***

CppFlavor       = *
__SystemLibrary = DLib


*******************************************************************************
*** PLACEMENT SUMMARY
***

"A0":  place at 0x08000000 { ro section .intvec };
"P1":  place in [from 0x08000000 to 0x080fffff] { ro };
"P2":  place in [from 0x20000000 to 0x20017fff] { rw, block CSTACK, block HEAP };
initialize by copy { rw };

  Section             Kind        Address    Size  Object
  -------             ----        -------    ----  ------
"A0":                                       0x134
  .intvec             ro code  0x08000000   0x134  startup_stm32f10x_hd.o [1]
                             - 0x08000134   0x134

"P1":                                      0x2cbd
  .text               ro code  0x08000134   0xdbe  xprintffull_nomb.o [3]
  .text               ro code  0x08000ef4    0x16  strchr.o [5]
  .text               ro code  0x08000f0c    0x36  strlen.o [5]
  .text               ro code  0x08000f44    0x58  memchr.o [5]
  .text               ro code  0x08000f9c    0xee  I64DivMod.o [5]
  .text               ro code  0x0800108c    0x76  ABImemcpy_unaligned.o [5]
  .text               ro code  0x08001102    0x44  xdnorm.o [4]
  .text               ro code  0x08001148    0x2e  DblCmpLe.o [4]
  .text               ro code  0x08001178    0x2e  DblCmpGe.o [4]
  .text               ro code  0x080011a8   0x10c  xdscale.o [4]
  .text               ro code  0x080012b4    0x58  DblToI32.o [4]
  .text               ro code  0x0800130c    0x30  I32ToDbl.o [4]
  .text               ro code  0x0800133c   0x180  DblSub.o [4]
  .text               ro code  0x080014bc   0x1a2  DblMul.o [4]
  .text               ro code  0x08001660   0x256  DblDiv.o [4]
  .text               ro code  0x080018b8    0x6c  localeconv.o [3]
  .text               ro code  0x08001924     0xe  div.o [3]
  .text               ro code  0x08001934     0x2  I64DivZer.o [5]
  .text               ro code  0x08001938    0xd4  DblAdd.o [4]
  .text               ro code  0x08001a0c     0x2  xtls.o [3]
  .text               ro code  0x08001a10   0x1e0  stm32f10x_tim.o [1]
  .text               ro code  0x08001bf0   0x158  system_stm32f10x.o [1]
  .text               ro code  0x08001d48   0x124  stm32f10x_usart.o [1]
  .text               ro code  0x08001e6c   0x118  stm32f10x_rcc.o [1]
  .text               ro code  0x08001f84    0xfc  max6675.o [1]
  .text               ro code  0x08002080    0xe2  stm32f10x_gpio.o [1]
  .text               ro code  0x08002164    0xc8  bsp_SysTick.o [1]
  .text               ro code  0x0800222c    0x90  DblToFlt.o [4]
  .text               ro code  0x080022bc    0xf8  bsp_TiMbase.o [1]
  .text               ro code  0x080023b4    0x7c  misc.o [1]
  .text               ro code  0x08002430    0xf4  pid.o [1]
  .text               ro code  0x08002524    0xe6  FltSub.o [4]
  .text               ro code  0x0800260c    0x84  FltAdd.o [4]
  .text               ro code  0x08002690    0xd8  FltMul.o [4]
  .text               ro code  0x08002768    0x24  FltCmpGe.o [4]
  .text               ro code  0x0800278c    0x24  FltCmpLe.o [4]
  .text               ro code  0x080027b0    0x44  FltToS32.o [4]
  .text               ro code  0x080027f4    0xc8  stm32f10x_it.o [1]
  .text               ro code  0x080028bc    0xc4  main.o [1]
  .text               ro code  0x08002980    0xa8  bsp_usart1.o [1]
  .text               ro code  0x08002a28    0x50  LED.o [1]
  .text               ro code  0x08002a78    0x98  pwm.o [1]
  .text               ro code  0x08002b10    0x24  printf.o [3]
  .text               ro code  0x08002b34    0x4e  FltToDbl.o [4]
  .text               ro code  0x08002b82    0x40  zero_init3.o [5]
  .text               ro code  0x08002bc2    0x38  packbits_init_single.o [5]
  .text               ro code  0x08002bfc    0x28  data_init.o [5]
  .iar.init_table     const    0x08002c24    0x20  - Linker created -
  .text               ro code  0x08002c44    0x1a  cmain.o [5]
  .text               ro code  0x08002c5e     0x4  low_level_init.o [3]
  .text               ro code  0x08002c62     0x4  exit.o [3]
  .text               ro code  0x08002c68     0xa  cexit.o [5]
  .text               ro code  0x08002c74    0x14  exit.o [6]
  .text               ro code  0x08002c88    0x16  xprout.o [3]
  .text               ro code  0x08002ca0     0xc  putchar.o [3]
  .rodata             const    0x08002cac    0x14  main.o [1]
  .rodata             const    0x08002cc0    0x10  main.o [1]
  .text               ro code  0x08002cd0    0x10  startup_stm32f10x_hd.o [1]
  .text               ro code  0x08002ce0     0xc  cstartup_M.o [5]
  .text               ro code  0x08002cec     0x4  startup_stm32f10x_hd.o [1]
  .text               ro code  0x08002cf0     0x4  startup_stm32f10x_hd.o [1]
  .text               ro code  0x08002cf4     0x4  startup_stm32f10x_hd.o [1]
  .text               ro code  0x08002cf8     0x4  startup_stm32f10x_hd.o [1]
  .text               ro code  0x08002cfc     0x4  startup_stm32f10x_hd.o [1]
  .text               ro code  0x08002d00     0x4  startup_stm32f10x_hd.o [1]
  .text               ro code  0x08002d04     0x4  startup_stm32f10x_hd.o [1]
  .text               ro code  0x08002d08     0x4  startup_stm32f10x_hd.o [1]
  .text               ro code  0x08002d0c     0x4  startup_stm32f10x_hd.o [1]
  .text               ro code  0x08002d10     0x4  startup_stm32f10x_hd.o [1]
  .text               ro code  0x08002d14     0x4  startup_stm32f10x_hd.o [1]
  .text               ro code  0x08002d18     0x4  startup_stm32f10x_hd.o [1]
  .text               ro code  0x08002d1c     0x4  startup_stm32f10x_hd.o [1]
  .text               ro code  0x08002d20     0x4  startup_stm32f10x_hd.o [1]
  .text               ro code  0x08002d24     0x4  startup_stm32f10x_hd.o [1]
  .text               ro code  0x08002d28     0x4  startup_stm32f10x_hd.o [1]
  .text               ro code  0x08002d2c     0x4  startup_stm32f10x_hd.o [1]
  .text               ro code  0x08002d30     0x4  startup_stm32f10x_hd.o [1]
  .text               ro code  0x08002d34     0x4  startup_stm32f10x_hd.o [1]
  .text               ro code  0x08002d38     0x4  startup_stm32f10x_hd.o [1]
  .text               ro code  0x08002d3c     0x4  startup_stm32f10x_hd.o [1]
  .text               ro code  0x08002d40     0x4  startup_stm32f10x_hd.o [1]
  .text               ro code  0x08002d44     0x4  startup_stm32f10x_hd.o [1]
  .text               ro code  0x08002d48     0x4  startup_stm32f10x_hd.o [1]
  .text               ro code  0x08002d4c     0x4  startup_stm32f10x_hd.o [1]
  .text               ro code  0x08002d50     0x4  startup_stm32f10x_hd.o [1]
  .text               ro code  0x08002d54     0x4  startup_stm32f10x_hd.o [1]
  .text               ro code  0x08002d58     0x4  startup_stm32f10x_hd.o [1]
  .text               ro code  0x08002d5c     0x4  startup_stm32f10x_hd.o [1]
  .text               ro code  0x08002d60     0x4  startup_stm32f10x_hd.o [1]
  .text               ro code  0x08002d64     0x4  startup_stm32f10x_hd.o [1]
  .text               ro code  0x08002d68     0x4  startup_stm32f10x_hd.o [1]
  .text               ro code  0x08002d6c     0x4  startup_stm32f10x_hd.o [1]
  .text               ro code  0x08002d70     0x4  startup_stm32f10x_hd.o [1]
  .text               ro code  0x08002d74     0x4  startup_stm32f10x_hd.o [1]
  .text               ro code  0x08002d78     0x4  startup_stm32f10x_hd.o [1]
  .text               ro code  0x08002d7c     0x4  startup_stm32f10x_hd.o [1]
  .text               ro code  0x08002d80     0x4  startup_stm32f10x_hd.o [1]
  .text               ro code  0x08002d84     0x4  startup_stm32f10x_hd.o [1]
  .text               ro code  0x08002d88     0x4  startup_stm32f10x_hd.o [1]
  .text               ro code  0x08002d8c     0x4  startup_stm32f10x_hd.o [1]
  .text               ro code  0x08002d90     0x4  startup_stm32f10x_hd.o [1]
  .text               ro code  0x08002d94     0x4  startup_stm32f10x_hd.o [1]
  .text               ro code  0x08002d98     0x4  startup_stm32f10x_hd.o [1]
  .text               ro code  0x08002d9c     0x4  startup_stm32f10x_hd.o [1]
  .text               ro code  0x08002da0     0x4  startup_stm32f10x_hd.o [1]
  .text               ro code  0x08002da4     0x4  startup_stm32f10x_hd.o [1]
  .text               ro code  0x08002da8     0x4  startup_stm32f10x_hd.o [1]
  .text               ro code  0x08002dac     0x4  startup_stm32f10x_hd.o [1]
  .rodata             const    0x08002db0     0x0  zero_init3.o [5]
  .rodata             const    0x08002db0     0x0  packbits_init_single.o [5]
  Initializer bytes   const    0x08002db0    0x41  <for P2-1>
                             - 0x08002df1  0x2cbd

"P2", part 1 of 3:                           0xe0
  P2-1                         0x20000000    0xe0  <Init block>
    .data             inited   0x20000000    0x10  stm32f10x_rcc.o [1]
    .data             inited   0x20000010     0x4  stm32f10x_rcc.o [1]
    .data             inited   0x20000014     0x4  system_stm32f10x.o [1]
    .data             inited   0x20000018    0x40  xfiles.o [3]
    __DLIB_PERTHREAD  inited   0x20000058    0x88  localeconv.o [3]
                             - 0x200000e0    0xe0

"P2", part 2 of 3:                          0x400
  CSTACK                       0x200000e0   0x400  <Block>
    CSTACK            uninit   0x200000e0   0x400  <Block tail>
                             - 0x200004e0   0x400

"P2", part 3 of 3:                           0x88
  .bss                zero     0x200004e0    0x50  xfiles.o [3]
  .bss                zero     0x20000530    0x24  pid.o [1]
  .bss                zero     0x20000554     0x4  bsp_SysTick.o [1]
  .bss                zero     0x20000558     0x4  global.o [1]
  .bss                zero     0x2000055c     0x4  global.o [1]
  .bss                zero     0x20000560     0x4  global.o [1]
  .bss                zero     0x20000564     0x4  global.o [1]
                             - 0x20000568    0x88


*******************************************************************************
*** INIT TABLE
***

          Address     Size
          -------     ----
Zero (__iar_zero_init3)
    1 destination range, total size 0x88:
          0x200004e0  0x88

Copy/packbits (__iar_packbits_init_single3)
    1 source range, total size 0x41 (29% of destination):
          0x08002db0  0x41
    1 destination range, total size 0xe0:
          0x20000000  0xe0



*******************************************************************************
*** MODULE SUMMARY
***

    Module                  ro code  ro data  rw data
    ------                  -------  -------  -------
C:\Users\T460P\Desktop\botton\pid_test\EWARM\Debug\Obj: [1]
    LED.o                        80
    bsp_SysTick.o               200                 4
    bsp_TiMbase.o               248
    bsp_usart1.o                168
    global.o                                       16
    main.o                      196       36
    max6675.o                   252
    misc.o                      124
    pid.o                       244                36
    pwm.o                       152
    startup_stm32f10x_hd.o      520
    stm32f10x_gpio.o            226
    stm32f10x_it.o              200
    stm32f10x_rcc.o             280        5       20
    stm32f10x_tim.o             480
    stm32f10x_usart.o           292
    system_stm32f10x.o          344        1        4
    -------------------------------------------------
    Total:                    4 006       42       80

command line: [2]
    -------------------------------------------------
    Total:

dl7M_tlf.a: [3]
    div.o                        14
    exit.o                        4
    localeconv.o                108       40      136
    low_level_init.o              4
    printf.o                     36
    putchar.o                    12
    xfiles.o                              19      144
    xprintffull_nomb.o        3 518
    xprout.o                     22
    xtls.o                        2
    -------------------------------------------------
    Total:                    3 720       59      280

m7M_tl.a: [4]
    DblAdd.o                    212
    DblCmpGe.o                   46
    DblCmpLe.o                   46
    DblDiv.o                    598
    DblMul.o                    418
    DblSub.o                    384
    DblToFlt.o                  144
    DblToI32.o                   88
    FltAdd.o                    132
    FltCmpGe.o                   36
    FltCmpLe.o                   36
    FltMul.o                    216
    FltSub.o                    230
    FltToDbl.o                   78
    FltToS32.o                   68
    I32ToDbl.o                   48
    xdnorm.o                     68
    xdscale.o                   268
    -------------------------------------------------
    Total:                    3 116

rt7M_tl.a: [5]
    ABImemcpy_unaligned.o       118
    I64DivMod.o                 238
    I64DivZer.o                   2
    cexit.o                      10
    cmain.o                      26
    cstartup_M.o                 12
    data_init.o                  40
    memchr.o                     88
    packbits_init_single.o       56
    strchr.o                     22
    strlen.o                     54
    zero_init3.o                 64
    -------------------------------------------------
    Total:                      730

shb_l.a: [6]
    exit.o                       20
    -------------------------------------------------
    Total:                       20

    Gaps                         36
    Linker created                        32    1 024
-----------------------------------------------------
    Grand Total:             11 628      133    1 384


*******************************************************************************
*** ENTRY LIST
***

Entry                      Address   Size  Type      Object
-----                      -------   ----  ----      ------
.iar.init_table$$Base   0x08002c24          --   Gb  - Linker created -
.iar.init_table$$Limit  0x08002c44          --   Gb  - Linker created -
?main                   0x08002c45         Code  Gb  cmain.o [5]
ADCPrescTable           0x20000010    0x4  Data  Lc  stm32f10x_rcc.o [1]
APBAHBPrescTable        0x20000000   0x10  Data  Lc  stm32f10x_rcc.o [1]
BusFault_Handler        0x080028b3    0x2  Code  Gb  stm32f10x_it.o [1]
CSTACK$$Base            0x200000e0          --   Gb  - Linker created -
CSTACK$$Limit           0x200004e0          --   Gb  - Linker created -
DebugMon_Handler        0x080028b9    0x2  Code  Gb  stm32f10x_it.o [1]
Delay_10us              0x080021d9   0x20  Code  Gb  bsp_SysTick.o [1]
GPIO_Init               0x08002081   0xc0  Code  Gb  stm32f10x_gpio.o [1]
GPIO_ReadInputDataBit   0x08002141   0x16  Code  Gb  stm32f10x_gpio.o [1]
GPIO_ResetBits          0x0800215d    0x6  Code  Gb  stm32f10x_gpio.o [1]
GPIO_SetBits            0x08002157    0x6  Code  Gb  stm32f10x_gpio.o [1]
HardFault_Handler       0x080028af    0x2  Code  Gb  stm32f10x_it.o [1]
LED_Gpioinit            0x08002a29   0x32  Code  Gb  LED.o [1]
LoadInt                 0x080006db   0x6e  Code  Lc  xprintffull_nomb.o [3]
Max6675_Init            0x08002009   0x66  Code  Gb  max6675.o [1]
MemManage_Handler       0x080028b1    0x2  Code  Gb  stm32f10x_it.o [1]
NMI_Handler             0x080028ad    0x2  Code  Gb  stm32f10x_it.o [1]
NVIC_Init               0x080023bf   0x5e  Code  Gb  misc.o [1]
NVIC_PriorityGroupConfig
                        0x080023b5    0xa  Code  Gb  misc.o [1]
NVIC_SetPriority        0x08002165   0x22  Code  Lc  bsp_SysTick.o [1]
PID_Init                0x08002431   0x38  Code  Gb  pid.o [1]
PWM_Init                0x08002a79   0x98  Code  Gb  pwm.o [1]
PendSV_Handler          0x080028bb    0x2  Code  Gb  stm32f10x_it.o [1]
RCC_APB1PeriphClockCmd  0x08001f47   0x20  Code  Gb  stm32f10x_rcc.o [1]
RCC_APB2PeriphClockCmd  0x08001f27   0x20  Code  Gb  stm32f10x_rcc.o [1]
RCC_GetClocksFreq       0x08001e6d   0xba  Code  Gb  stm32f10x_rcc.o [1]
Region$$Table$$Base     0x08002c24          --   Gb  - Linker created -
Region$$Table$$Limit    0x08002c44          --   Gb  - Linker created -
SVC_Handler             0x080028b7    0x2  Code  Gb  stm32f10x_it.o [1]
SetSysClock             0x08001c45    0x8  Code  Lc  system_stm32f10x.o [1]
SetSysClockTo72         0x08001c4d   0xe0  Code  Lc  system_stm32f10x.o [1]
SysTick_Config          0x08002187   0x2e  Code  Lc  bsp_SysTick.o [1]
SysTick_Handler         0x080028a5    0x8  Code  Gb  stm32f10x_it.o [1]
SysTick_Init            0x080021b5   0x24  Code  Gb  bsp_SysTick.o [1]
SystemCoreClock         0x20000014    0x4  Data  Gb  system_stm32f10x.o [1]
SystemInit              0x08001bf1   0x54  Code  Gb  system_stm32f10x.o [1]
TIM2_Configuration      0x08002311   0x54  Code  Gb  bsp_TiMbase.o [1]
TIM2_IRQHandler         0x08002839   0x1c  Code  Gb  stm32f10x_it.o [1]
TIM2_NVIC_Configuration
                        0x080022bd   0x2a  Code  Gb  bsp_TiMbase.o [1]
TIM3_Configuration      0x08002365   0x4c  Code  Gb  bsp_TiMbase.o [1]
TIM3_IRQHandler         0x08002855   0x36  Code  Gb  stm32f10x_it.o [1]
TIM3_NVIC_Configuration
                        0x080022e7   0x2a  Code  Gb  bsp_TiMbase.o [1]
TIM_ARRPreloadConfig    0x08001b5f   0x1c  Code  Gb  stm32f10x_tim.o [1]
TIM_ClearFlag           0x08001b8b    0x8  Code  Gb  stm32f10x_tim.o [1]
TIM_ClearITPendingBit   0x08001bbb    0x8  Code  Gb  stm32f10x_tim.o [1]
TIM_Cmd                 0x08001b2b   0x1c  Code  Gb  stm32f10x_tim.o [1]
TIM_GetITStatus         0x08001b93   0x28  Code  Gb  stm32f10x_tim.o [1]
TIM_ITConfig            0x08001b47   0x18  Code  Gb  stm32f10x_tim.o [1]
TIM_OC3Init             0x08001aa3   0x88  Code  Gb  stm32f10x_tim.o [1]
TIM_OC3PreloadConfig    0x08001b7b   0x10  Code  Gb  stm32f10x_tim.o [1]
TIM_TimeBaseInit        0x08001a11   0x92  Code  Gb  stm32f10x_tim.o [1]
T_led                   0x20000558    0x4  Data  Gb  global.o [1]
T_max6675               0x20000560    0x4  Data  Gb  global.o [1]
T_pid                   0x20000564    0x4  Data  Gb  global.o [1]
TimingDelay             0x20000554    0x4  Data  Lc  bsp_SysTick.o [1]
TimingDelay_Decrement   0x080021f9   0x14  Code  Gb  bsp_SysTick.o [1]
UART4_IRQHandler        0x08002817   0x22  Code  Gb  stm32f10x_it.o [1]
USART1_Config           0x08002981   0x78  Code  Gb  bsp_usart1.o [1]
USART2_IRQHandler       0x080027f5   0x22  Code  Gb  stm32f10x_it.o [1]
USART_ClearITPendingBit
                        0x08001e4f   0x1e  Code  Gb  stm32f10x_usart.o [1]
USART_Cmd               0x08001e09   0x1c  Code  Gb  stm32f10x_usart.o [1]
USART_GetFlagStatus     0x08001e35   0x1a  Code  Gb  stm32f10x_usart.o [1]
USART_Init              0x08001d49   0xba  Code  Gb  stm32f10x_usart.o [1]
USART_ReceiveData       0x08001e2d    0x8  Code  Gb  stm32f10x_usart.o [1]
USART_SendData          0x08001e25    0x8  Code  Gb  stm32f10x_usart.o [1]
UsageFault_Handler      0x080028b5    0x2  Code  Gb  stm32f10x_it.o [1]
UsartInit               0x080029f9    0x8  Code  Gb  bsp_usart1.o [1]
_GenldFullNoMb          0x08000c55  0x254  Code  Lc  xprintffull_nomb.o [3]
_LdtobFullNoMb          0x08000855  0x3fa  Code  Lc  xprintffull_nomb.o [3]
_LitobFullNoMb          0x08000749  0x10a  Code  Lc  xprintffull_nomb.o [3]
_Locale_aeabi_lconv     0x200000a8   0x38  Data  Gb  localeconv.o [3]
_Locale_lconv           0x20000058   0x50  Data  Gb  localeconv.o [3]
_PrintfFullNoMb         0x08000135  0x5a0  Code  Gb  xprintffull_nomb.o [3]
_Prout                  0x08002c89   0x16  Code  Gb  xprout.o [3]
_PutcharsFullNoMb       0x08000ea9   0x2e  Code  Lc  xprintffull_nomb.o [3]
__aeabi_cdcmple         0x08001149         Code  Gb  DblCmpLe.o [4]
__aeabi_cdrcmple        0x08001179         Code  Gb  DblCmpGe.o [4]
__aeabi_cfcmple         0x0800278d         Code  Gb  FltCmpLe.o [4]
__aeabi_cfrcmple        0x08002769         Code  Gb  FltCmpGe.o [4]
__aeabi_d2f             0x0800222d         Code  Gb  DblToFlt.o [4]
__aeabi_d2iz            0x080012b5         Code  Gb  DblToI32.o [4]
__aeabi_d2uiz           0x080012e1         Code  Gb  DblToI32.o [4]
__aeabi_ddiv            0x08001661         Code  Gb  DblDiv.o [4]
__aeabi_dmul            0x080014bd         Code  Gb  DblMul.o [4]
__aeabi_dsub            0x0800133d         Code  Gb  DblSub.o [4]
__aeabi_f2d             0x08002b35         Code  Gb  FltToDbl.o [4]
__aeabi_f2iz            0x080027b1         Code  Gb  FltToS32.o [4]
__aeabi_fadd            0x0800260d         Code  Gb  FltAdd.o [4]
__aeabi_fmul            0x08002691         Code  Gb  FltMul.o [4]
__aeabi_fsub            0x08002525         Code  Gb  FltSub.o [4]
__aeabi_i2d             0x0800130d         Code  Gb  I32ToDbl.o [4]
__aeabi_ldiv0           0x08001935         Code  Gb  I64DivZer.o [5]
__aeabi_ui2d            0x08001321         Code  Gb  I32ToDbl.o [4]
__aeabi_uldivmod        0x08000f9d         Code  Gb  I64DivMod.o [5]
__cmain                 0x08002c45         Code  Gb  cmain.o [5]
__exit                  0x08002c75   0x14  Code  Gb  exit.o [6]
__iar_Dnorm             0x08001103   0x44  Code  Gb  xdnorm.o [4]
__iar_Dscale            0x080011a9  0x10c  Code  Gb  xdscale.o [4]
__iar_Locale_lconv_init
                        0x080018b9   0x3a  Code  Gb  localeconv.o [3]
__iar_Memchr            0x08000f45         Code  Gb  memchr.o [5]
__iar_Stdout            0x20000018   0x40  Data  Gb  xfiles.o [3]
__iar_Strchr            0x08000ef5         Code  Gb  strchr.o [5]
__iar_d2uiz             0x080012ed         Code  Gb  DblToI32.o [4]
__iar_dadd              0x08001939         Code  Gb  DblAdd.o [4]
__iar_data_init3        0x08002bfd   0x28  Code  Gb  data_init.o [5]
__iar_dlib_perthread_access
                        0x08001a0d    0x2  Code  Gb  xtls.o [3]
__iar_dsub              0x08001351         Code  Gb  DblSub.o [4]
__iar_dsubStart         0x08001363         Code  Gb  DblSub.o [4]
__iar_fadd              0x0800261d         Code  Gb  FltAdd.o [4]
__iar_fsub              0x08002535         Code  Gb  FltSub.o [4]
__iar_fsubStart         0x08002545         Code  Gb  FltSub.o [4]
__iar_packbits_init_single3
                        0x08002bc3   0x38  Code  Gb  packbits_init_single.o [5]
__iar_program_start     0x08002ce1         Code  Gb  cstartup_M.o [5]
__iar_ui2d              0x08001325         Code  Gb  I32ToDbl.o [4]
__iar_unaligned___aeabi_memcpy
                        0x0800108d         Code  Gb  ABImemcpy_unaligned.o [5]
__iar_unaligned___aeabi_memcpy4
                        0x080010ad         Code  Gb  ABImemcpy_unaligned.o [5]
__iar_unaligned___aeabi_memcpy8
                        0x080010ad         Code  Gb  ABImemcpy_unaligned.o [5]
__iar_zero_init3        0x08002b83   0x40  Code  Gb  zero_init3.o [5]
__low_level_init        0x08002c5f    0x4  Code  Gb  low_level_init.o [3]
__vector_table          0x08000000         Data  Gb  startup_stm32f10x_hd.o [1]
_call_main              0x08002c51         Code  Gb  cmain.o [5]
_exit                   0x08002c69         Code  Gb  cexit.o [5]
_main                   0x08002c5b         Code  Gb  cmain.o [5]
bsp_LedToggle           0x08002a5b   0x14  Code  Gb  LED.o [1]
div                     0x08001925    0xe  Code  Gb  div.o [3]
exit                    0x08002c63    0x4  Code  Gb  exit.o [3]
fputc                   0x08002a01   0x20  Code  Gb  bsp_usart1.o [1]
localeconv              0x080018f3   0x16  Code  Gb  localeconv.o [3]
main                    0x080028bd   0xc4  Code  Gb  main.o [1]
memchr                  0x08000f45         Code  Gb  memchr.o [5]
obuf                    0x200004e0   0x50  Data  Lc  xfiles.o [3]
pid                     0x20000530   0x24  Data  Gb  pid.o [1]
printf                  0x08002b11   0x24  Code  Gb  printf.o [3]
putchar                 0x08002ca1    0xc  Code  Gb  putchar.o [3]
read_max6675            0x08001f85   0x5e  Code  Gb  max6675.o [1]
read_temperature        0x08001fe3   0x26  Code  Gb  max6675.o [1]
realizepid              0x08002469   0xac  Code  Gb  pid.o [1]
strchr                  0x08000ef5         Code  Gb  strchr.o [5]
strlen                  0x08000f0d         Code  Gb  strlen.o [5]
temp                    0x2000055c    0x4  Data  Gb  global.o [1]


[1] = C:\Users\T460P\Desktop\botton\pid_test\EWARM\Debug\Obj
[2] = command line
[3] = dl7M_tlf.a
[4] = m7M_tl.a
[5] = rt7M_tl.a
[6] = shb_l.a

  11 628 bytes of readonly  code memory
     133 bytes of readonly  data memory
   1 384 bytes of readwrite data memory

Errors: none
Warnings: none
